../Core/Inc/MLX90614.h:23:6:MLX90614_Init	4	static
../Core/Inc/MLX90614.h:27:7:MLX90614_ReadTemp	48	static
../Core/Inc/MLX90614.h:40:7:MLX90614_ReadTempAmbient	8	static
../Core/Inc/MLX90614.h:44:7:MLX90614_ReadTempObject1	8	static
../Core/Inc/MLX90614.h:48:7:MLX90614_ReadTempObject2	8	static
../Core/Inc/MAX30102.h:136:9:MAX30102_Init	32	static
../Core/Inc/MAX30102.h:157:6:MAX30102_Reset	32	static
../Core/Inc/MAX30102.h:164:6:MAX30102_set_Mode	32	static
../Core/Inc/MAX30102.h:168:6:MAX30102_SET_LED_PULSE_AMPLTITUDE	32	static
../Core/Inc/MAX30102.h:175:6:MAX30102_DEFAULT	32	static
../Core/Inc/MAX30102.h:196:7:readTemperature	32	static
../Core/Inc/MAX30102.h:215:10:MAX30102_ReadFIFO	40	static
../Core/Inc/MAX30102.h:233:7:MAX30102_ReadHeartRate	32	static
../Core/Inc/MAX30102.h:268:7:MAX30102_ReadSpO2	48	static
../Core/Src/main.c:102:5:main	16	static
../Core/Src/main.c:159:6:SystemClock_Config	88	static
../Core/Src/main.c:206:13:MX_I2C1_Init	8	static
../Core/Src/main.c:240:13:MX_I2C2_Init	8	static
../Core/Src/main.c:274:13:MX_TIM2_Init	32	static
../Core/Src/main.c:322:13:MX_USART2_UART_Init	8	static
../Core/Src/main.c:355:13:MX_GPIO_Init	48	static
../Core/Src/main.c:388:5:__io_putchar	16	static
../Core/Src/main.c:392:6:fill_data_buffer	16	static
../Core/Src/main.c:405:6:Interference	16	static
../Core/Src/main.c:433:6:Error_Handler	4	static,ignoring_inline_asm
